screens/dashboard_admin/crud_rujukan/preview_rujukan.tsx(5,29): error TS2307: Cannot find module 'expo-file-system' or its corresponding type declarations.
